[INFO] [launch]: All log files can be found below /home/dinosaur/.ros/log/2026-05-05-16-51-55-775580-ubuntu-2447
[INFO] [launch]: Default logging verbosity is set to INFO
[INFO] [actuator_node-1]: process started with pid [2472]
[INFO] [webui_node-2]: process started with pid [2474]
[actuator_node-1] [INFO] [1778025116.815778548] [actuator_node]: Serial open: /dev/ttyACM0 @ 115200
[webui_node-2] [INFO] [1778025116.924513221] [webui_node]: WebUI node started (port=8000)
[webui_node-2] INFO:     Started server process [2474]
[webui_node-2] INFO:     Waiting for application startup.
[webui_node-2] INFO:     Application startup complete.
[webui_node-2] INFO:     Uvicorn running on https://0.0.0.0:8000 (Press CTRL+C to quit)
[actuator_node-1] [INFO] [1778025117.620129291] [actuator_node]: SparkMAX gains set: kFF=0.000197 kP=0.0004 kI=0.0 kD=0.0
[actuator_node-1] [INFO] [1778025117.715841671] [actuator_node]: Actuator node ready — diff-drive with heading-hold
[webui_node-2] INFO:     192.168.13.104:54733 - "GET /static/app.js HTTP/1.1" 200 OK
[webui_node-2] INFO:     192.168.13.104:54734 - "WebSocket /ws" [accepted]
[webui_node-2] INFO:     connection open
[actuator_node-1] [WARN] [1778025304.689187073] [actuator_node]: E-STOP via actuator_command
[actuator_node-1] [WARN] [1778025304.730047029] [actuator_node]: E-STOP via actuator_command
[actuator_node-1] [WARN] [1778025304.786014853] [actuator_node]: E-STOP via actuator_command
[actuator_node-1] [WARN] [1778025304.833046355] [actuator_node]: E-STOP via actuator_command
[actuator_node-1] [WARN] [1778025304.882296165] [actuator_node]: E-STOP via actuator_command
[actuator_node-1] [WARN] [1778025304.934125161] [actuator_node]: E-STOP via actuator_command
[actuator_node-1] [WARN] [1778025304.989315595] [actuator_node]: E-STOP via actuator_command
[actuator_node-1] [WARN] [1778025305.035472918] [actuator_node]: E-STOP via actuator_command
[actuator_node-1] [WARN] [1778025305.085326266] [actuator_node]: E-STOP via actuator_command
[actuator_node-1] [WARN] [1778025305.137952703] [actuator_node]: E-STOP via actuator_command
[actuator_node-1] [WARN] [1778025305.190302787] [actuator_node]: E-STOP via actuator_command
[actuator_node-1] [WARN] [1778025305.237953666] [actuator_node]: E-STOP via actuator_command
[actuator_node-1] [WARN] [1778025305.291491509] [actuator_node]: E-STOP via actuator_command
[actuator_node-1] [WARN] [1778025305.338906794] [actuator_node]: E-STOP via actuator_command
[actuator_node-1] [WARN] [1778025305.389604843] [actuator_node]: E-STOP via actuator_command
[actuator_node-1] [WARN] [1778025305.442443487] [actuator_node]: E-STOP via actuator_command
[actuator_node-1] [WARN] [1778025305.492989891] [actuator_node]: E-STOP via actuator_command
[actuator_node-1] [WARN] [1778025305.545037261] [actuator_node]: E-STOP via actuator_command
[actuator_node-1] [WARN] [1778025305.594427195] [actuator_node]: E-STOP via actuator_command
[actuator_node-1] [WARN] [1778025305.647373750] [actuator_node]: E-STOP via actuator_command
[actuator_node-1] [WARN] [1778025305.695971003] [actuator_node]: E-STOP via actuator_command
[actuator_node-1] [WARN] [1778025305.749399751] [actuator_node]: E-STOP via actuator_command
[actuator_node-1] [WARN] [1778025305.806043119] [actuator_node]: E-STOP via actuator_command
[actuator_node-1] [WARN] [1778025305.858407376] [actuator_node]: E-STOP via actuator_command
[actuator_node-1] [WARN] [1778025305.902112700] [actuator_node]: E-STOP via actuator_command
[actuator_node-1] [WARN] [1778025305.953085341] [actuator_node]: E-STOP via actuator_command
[actuator_node-1] [WARN] [1778025306.000776051] [actuator_node]: E-STOP via actuator_command
[actuator_node-1] [WARN] [1778025306.055612694] [actuator_node]: E-STOP via actuator_command
[actuator_node-1] [WARN] [1778025306.103091262] [actuator_node]: E-STOP via actuator_command
[actuator_node-1] [WARN] [1778025306.154534478] [actuator_node]: E-STOP via actuator_command
[actuator_node-1] [WARN] [1778025306.203062819] [actuator_node]: E-STOP via actuator_command
[actuator_node-1] [WARN] [1778025306.253958258] [actuator_node]: E-STOP via actuator_command
[actuator_node-1] [WARN] [1778025306.306058891] [actuator_node]: E-STOP via actuator_command
[actuator_node-1] [WARN] [1778025306.357971407] [actuator_node]: E-STOP via actuator_command
[actuator_node-1] [WARN] [1778025306.409558782] [actuator_node]: E-STOP via actuator_command
[actuator_node-1] [WARN] [1778025306.461646906] [actuator_node]: E-STOP via actuator_command
[actuator_node-1] [WARN] [1778025306.510477064] [actuator_node]: E-STOP via actuator_command
[actuator_node-1] [WARN] [1778025306.560976723] [actuator_node]: E-STOP via actuator_command
[actuator_node-1] [WARN] [1778025306.612876442] [actuator_node]: E-STOP via actuator_command
[actuator_node-1] [WARN] [1778025306.663722997] [actuator_node]: E-STOP via actuator_command
[actuator_node-1] [WARN] [1778025306.716170590] [actuator_node]: E-STOP via actuator_command
[actuator_node-1] [WARN] [1778025306.766613366] [actuator_node]: E-STOP via actuator_command
[actuator_node-1] [WARN] [1778025306.814900642] [actuator_node]: E-STOP via actuator_command
[actuator_node-1] [WARN] [1778025306.868702864] [actuator_node]: E-STOP via actuator_command
[actuator_node-1] [WARN] [1778025306.916675397] [actuator_node]: E-STOP via actuator_command
[actuator_node-1] [WARN] [1778025306.968682836] [actuator_node]: E-STOP via actuator_command
[actuator_node-1] [WARN] [1778025307.019215460] [actuator_node]: E-STOP via actuator_command
[actuator_node-1] [WARN] [1778025307.070313091] [actuator_node]: E-STOP via actuator_command
[actuator_node-1] [WARN] [1778025307.120779957] [actuator_node]: E-STOP via actuator_command
[actuator_node-1] [WARN] [1778025307.170793776] [actuator_node]: E-STOP via actuator_command
[actuator_node-1] [WARN] [1778025307.228718616] [actuator_node]: E-STOP via actuator_command
[actuator_node-1] [WARN] [1778025307.272546037] [actuator_node]: E-STOP via actuator_command
[actuator_node-1] [WARN] [1778025307.324131458] [actuator_node]: E-STOP via actuator_command
[actuator_node-1] [WARN] [1778025307.374358348] [actuator_node]: E-STOP via actuator_command
[actuator_node-1] [WARN] [1778025307.425882152] [actuator_node]: E-STOP via actuator_command
[actuator_node-1] [WARN] [1778025307.477915981] [actuator_node]: E-STOP via actuator_command
[actuator_node-1] [WARN] [1778025307.536171464] [actuator_node]: E-STOP via actuator_command
[actuator_node-1] [WARN] [1778025307.583320063] [actuator_node]: E-STOP via actuator_command
[actuator_node-1] [WARN] [1778025307.628332680] [actuator_node]: E-STOP via actuator_command
[actuator_node-1] [WARN] [1778025307.686979272] [actuator_node]: E-STOP via actuator_command
[actuator_node-1] [WARN] [1778025307.730426749] [actuator_node]: E-STOP via actuator_command
[actuator_node-1] [WARN] [1778025307.780350798] [actuator_node]: E-STOP via actuator_command
[actuator_node-1] [WARN] [1778025307.831871274] [actuator_node]: E-STOP via actuator_command
[actuator_node-1] [WARN] [1778025307.884301554] [actuator_node]: E-STOP via actuator_command
[actuator_node-1] [WARN] [1778025307.934964567] [actuator_node]: E-STOP via actuator_command
[actuator_node-1] [WARN] [1778025307.986396360] [actuator_node]: E-STOP via actuator_command
[actuator_node-1] [WARN] [1778025308.046053640] [actuator_node]: E-STOP via actuator_command
[actuator_node-1] [WARN] [1778025308.091011045] [actuator_node]: E-STOP via actuator_command
[actuator_node-1] [WARN] [1778025308.140022733] [actuator_node]: E-STOP via actuator_command
[actuator_node-1] [WARN] [1778025308.190084894] [actuator_node]: E-STOP via actuator_command
[actuator_node-1] [WARN] [1778025308.243139891] [actuator_node]: E-STOP via actuator_command
[actuator_node-1] [WARN] [1778025308.289708023] [actuator_node]: E-STOP via actuator_command
[actuator_node-1] [WARN] [1778025308.341707171] [actuator_node]: E-STOP via actuator_command
[actuator_node-1] [WARN] [1778025308.395054643] [actuator_node]: E-STOP via actuator_command
[actuator_node-1] [WARN] [1778025308.444390255] [actuator_node]: E-STOP via actuator_command
[actuator_node-1] [WARN] [1778025308.501037050] [actuator_node]: E-STOP via actuator_command
[actuator_node-1] [WARN] [1778025308.550579909] [actuator_node]: E-STOP via actuator_command
[actuator_node-1] [WARN] [1778025308.596254587] [actuator_node]: E-STOP via actuator_command
[actuator_node-1] [WARN] [1778025308.645431228] [actuator_node]: E-STOP via actuator_command
[actuator_node-1] [WARN] [1778025308.699494756] [actuator_node]: E-STOP via actuator_command
[actuator_node-1] [WARN] [1778025308.747723939] [actuator_node]: E-STOP via actuator_command
[actuator_node-1] [WARN] [1778025308.800068958] [actuator_node]: E-STOP via actuator_command
[actuator_node-1] [WARN] [1778025308.853334049] [actuator_node]: E-STOP via actuator_command
[actuator_node-1] [WARN] [1778025308.897354010] [actuator_node]: E-STOP via actuator_command
[actuator_node-1] [WARN] [1778025308.949482664] [actuator_node]: E-STOP via actuator_command
[actuator_node-1] [WARN] [1778025308.998044761] [actuator_node]: E-STOP via actuator_command
[actuator_node-1] [WARN] [1778025309.057972930] [actuator_node]: E-STOP via actuator_command
[actuator_node-1] [WARN] [1778025309.106224929] [actuator_node]: E-STOP via actuator_command
[actuator_node-1] [WARN] [1778025309.153111842] [actuator_node]: E-STOP via actuator_command
[actuator_node-1] [WARN] [1778025309.203252356] [actuator_node]: E-STOP via actuator_command
[actuator_node-1] [WARN] [1778025309.253834975] [actuator_node]: E-STOP via actuator_command
[actuator_node-1] [WARN] [1778025309.303874169] [actuator_node]: E-STOP via actuator_command
[actuator_node-1] [WARN] [1778025309.358698509] [actuator_node]: E-STOP via actuator_command
[actuator_node-1] [WARN] [1778025309.406641141] [actuator_node]: E-STOP via actuator_command
[actuator_node-1] [WARN] [1778025309.462100339] [actuator_node]: E-STOP via actuator_command
[actuator_node-1] [WARN] [1778025309.511360101] [actuator_node]: E-STOP via actuator_command
[actuator_node-1] [WARN] [1778025309.558522341] [actuator_node]: E-STOP via actuator_command
[actuator_node-1] [WARN] [1778025309.609536794] [actuator_node]: E-STOP via actuator_command
[actuator_node-1] [WARN] [1778025309.658390571] [actuator_node]: E-STOP via actuator_command
[actuator_node-1] [WARN] [1778025309.715897096] [actuator_node]: E-STOP via actuator_command
[actuator_node-1] [WARN] [1778025309.761408908] [actuator_node]: E-STOP via actuator_command
[actuator_node-1] [WARN] [1778025309.813328875] [actuator_node]: E-STOP via actuator_command
[actuator_node-1] [WARN] [1778025309.868664871] [actuator_node]: E-STOP via actuator_command
[actuator_node-1] [WARN] [1778025309.913708409] [actuator_node]: E-STOP via actuator_command
[actuator_node-1] [WARN] [1778025309.968623000] [actuator_node]: E-STOP via actuator_command
[actuator_node-1] [WARN] [1778025310.016303407] [actuator_node]: E-STOP via actuator_command
[actuator_node-1] [WARN] [1778025310.065985795] [actuator_node]: E-STOP via actuator_command
[actuator_node-1] [WARN] [1778025310.127023289] [actuator_node]: E-STOP via actuator_command
[actuator_node-1] [WARN] [1778025310.171460582] [actuator_node]: E-STOP via actuator_command
[actuator_node-1] [WARN] [1778025310.219052553] [actuator_node]: E-STOP via actuator_command
[actuator_node-1] [WARN] [1778025310.281766897] [actuator_node]: E-STOP via actuator_command
[actuator_node-1] [WARN] [1778025310.321790803] [actuator_node]: E-STOP via actuator_command
[actuator_node-1] [WARN] [1778025310.370839069] [actuator_node]: E-STOP via actuator_command
[actuator_node-1] [WARN] [1778025310.421269152] [actuator_node]: E-STOP via actuator_command
[actuator_node-1] [WARN] [1778025310.471669162] [actuator_node]: E-STOP via actuator_command
[actuator_node-1] [WARN] [1778025310.521436138] [actuator_node]: E-STOP via actuator_command
[actuator_node-1] [WARN] [1778025310.574673909] [actuator_node]: E-STOP via actuator_command
[actuator_node-1] [WARN] [1778025310.624909734] [actuator_node]: E-STOP via actuator_command
[actuator_node-1] [WARN] [1778025310.681420555] [actuator_node]: E-STOP via actuator_command
[actuator_node-1] [WARN] [1778025310.725290974] [actuator_node]: E-STOP via actuator_command
[actuator_node-1] [WARN] [1778025310.786260995] [actuator_node]: E-STOP via actuator_command
[actuator_node-1] [WARN] [1778025310.825739558] [actuator_node]: E-STOP via actuator_command
[actuator_node-1] [WARN] [1778025310.876720391] [actuator_node]: E-STOP via actuator_command
[actuator_node-1] [WARN] [1778025310.927490809] [actuator_node]: E-STOP via actuator_command
[actuator_node-1] [WARN] [1778025310.982916255] [actuator_node]: E-STOP via actuator_command
[actuator_node-1] [WARN] [1778025311.030312082] [actuator_node]: E-STOP via actuator_command
[actuator_node-1] [WARN] [1778025311.078461882] [actuator_node]: E-STOP via actuator_command
[actuator_node-1] [WARN] [1778025311.134350546] [actuator_node]: E-STOP via actuator_command
[actuator_node-1] [WARN] [1778025311.182603681] [actuator_node]: E-STOP via actuator_command
[actuator_node-1] [WARN] [1778025311.234960417] [actuator_node]: E-STOP via actuator_command
[actuator_node-1] [WARN] [1778025311.284338181] [actuator_node]: E-STOP via actuator_command
[actuator_node-1] [WARN] [1778025311.333933974] [actuator_node]: E-STOP via actuator_command
[actuator_node-1] [WARN] [1778025311.386303698] [actuator_node]: E-STOP via actuator_command
[actuator_node-1] [WARN] [1778025311.437940157] [actuator_node]: E-STOP via actuator_command
[actuator_node-1] [WARN] [1778025311.490620496] [actuator_node]: E-STOP via actuator_command
[actuator_node-1] [WARN] [1778025311.540742659] [actuator_node]: E-STOP via actuator_command
[actuator_node-1] [WARN] [1778025311.587932879] [actuator_node]: E-STOP via actuator_command
[actuator_node-1] [WARN] [1778025311.647310890] [actuator_node]: E-STOP via actuator_command
[actuator_node-1] [WARN] [1778025311.690119304] [actuator_node]: E-STOP via actuator_command
[actuator_node-1] [WARN] [1778025311.740317001] [actuator_node]: E-STOP via actuator_command
[actuator_node-1] [WARN] [1778025311.793435732] [actuator_node]: E-STOP via actuator_command
[actuator_node-1] [WARN] [1778025311.842188652] [actuator_node]: E-STOP via actuator_command
[actuator_node-1] [WARN] [1778025311.892210167] [actuator_node]: E-STOP via actuator_command
[actuator_node-1] [WARN] [1778025311.950663310] [actuator_node]: E-STOP via actuator_command
[actuator_node-1] [WARN] [1778025311.996699372] [actuator_node]: E-STOP via actuator_command
[actuator_node-1] [WARN] [1778025312.047940645] [actuator_node]: E-STOP via actuator_command
[actuator_node-1] [WARN] [1778025312.094321183] [actuator_node]: E-STOP via actuator_command
[actuator_node-1] [WARN] [1778025312.144424543] [actuator_node]: E-STOP via actuator_command
[actuator_node-1] [WARN] [1778025312.199562029] [actuator_node]: E-STOP via actuator_command
[actuator_node-1] [WARN] [1778025312.248644321] [actuator_node]: E-STOP via actuator_command
[actuator_node-1] [WARN] [1778025312.299031390] [actuator_node]: E-STOP via actuator_command
[actuator_node-1] [WARN] [1778025312.348940109] [actuator_node]: E-STOP via actuator_command
[actuator_node-1] [WARN] [1778025312.398576445] [actuator_node]: E-STOP via actuator_command
[actuator_node-1] [WARN] [1778025312.449674895] [actuator_node]: E-STOP via actuator_command
[actuator_node-1] [WARN] [1778025312.499315550] [actuator_node]: E-STOP via actuator_command
[actuator_node-1] [WARN] [1778025312.551037628] [actuator_node]: E-STOP via actuator_command
[actuator_node-1] [WARN] [1778025312.602475582] [actuator_node]: E-STOP via actuator_command
[actuator_node-1] [WARN] [1778025312.653231938] [actuator_node]: E-STOP via actuator_command
[actuator_node-1] [WARN] [1778025312.708208343] [actuator_node]: E-STOP via actuator_command
[actuator_node-1] [WARN] [1778025312.757911958] [actuator_node]: E-STOP via actuator_command
[actuator_node-1] [WARN] [1778025312.804719690] [actuator_node]: E-STOP via actuator_command
[actuator_node-1] [WARN] [1778025312.860680723] [actuator_node]: E-STOP via actuator_command
[actuator_node-1] [WARN] [1778025312.913515847] [actuator_node]: E-STOP via actuator_command
[actuator_node-1] [WARN] [1778025312.957896926] [actuator_node]: E-STOP via actuator_command
[actuator_node-1] [WARN] [1778025313.015421286] [actuator_node]: E-STOP via actuator_command
[actuator_node-1] [WARN] [1778025313.059670126] [actuator_node]: E-STOP via actuator_command
[actuator_node-1] [WARN] [1778025313.112439289] [actuator_node]: E-STOP via actuator_command
[actuator_node-1] [WARN] [1778025313.159524856] [actuator_node]: E-STOP via actuator_command
[actuator_node-1] [WARN] [1778025313.217299506] [actuator_node]: E-STOP via actuator_command
[actuator_node-1] [WARN] [1778025313.269735694] [actuator_node]: E-STOP via actuator_command
[actuator_node-1] [WARN] [1778025313.315540640] [actuator_node]: E-STOP via actuator_command
[actuator_node-1] [WARN] [1778025313.368723592] [actuator_node]: E-STOP via actuator_command
[actuator_node-1] [WARN] [1778025313.420738025] [actuator_node]: E-STOP via actuator_command
[actuator_node-1] [WARN] [1778025313.470423256] [actuator_node]: E-STOP via actuator_command
[actuator_node-1] [WARN] [1778025313.524076879] [actuator_node]: E-STOP via actuator_command
[actuator_node-1] [WARN] [1778025313.570167997] [actuator_node]: E-STOP via actuator_command
[actuator_node-1] [WARN] [1778025313.619010486] [actuator_node]: E-STOP via actuator_command
[actuator_node-1] [WARN] [1778025313.668835844] [actuator_node]: E-STOP via actuator_command
[actuator_node-1] [WARN] [1778025313.720138351] [actuator_node]: E-STOP via actuator_command
[actuator_node-1] [WARN] [1778025313.770004563] [actuator_node]: E-STOP via actuator_command
[actuator_node-1] [WARN] [1778025313.827044733] [actuator_node]: E-STOP via actuator_command
[actuator_node-1] [WARN] [1778025313.873756630] [actuator_node]: E-STOP via actuator_command
[actuator_node-1] [WARN] [1778025313.921279564] [actuator_node]: E-STOP via actuator_command
[actuator_node-1] [WARN] [1778025313.972188374] [actuator_node]: E-STOP via actuator_command
[actuator_node-1] [WARN] [1778025314.023758892] [actuator_node]: E-STOP via actuator_command
[actuator_node-1] [WARN] [1778025314.074076208] [actuator_node]: E-STOP via actuator_command
[actuator_node-1] [WARN] [1778025314.129881897] [actuator_node]: E-STOP via actuator_command
[actuator_node-1] [WARN] [1778025314.176192274] [actuator_node]: E-STOP via actuator_command
[actuator_node-1] [WARN] [1778025314.226078430] [actuator_node]: E-STOP via actuator_command
[actuator_node-1] [WARN] [1778025314.278460720] [actuator_node]: E-STOP via actuator_command
[actuator_node-1] [WARN] [1778025314.329573908] [actuator_node]: E-STOP via actuator_command
[actuator_node-1] [WARN] [1778025314.380332141] [actuator_node]: E-STOP via actuator_command
[actuator_node-1] [WARN] [1778025314.430344602] [actuator_node]: E-STOP via actuator_command
[actuator_node-1] [WARN] [1778025314.482595020] [actuator_node]: E-STOP via actuator_command
[actuator_node-1] [WARN] [1778025314.538949697] [actuator_node]: E-STOP via actuator_command
[actuator_node-1] [WARN] [1778025314.584683925] [actuator_node]: E-STOP via actuator_command
[actuator_node-1] [WARN] [1778025314.634388236] [actuator_node]: E-STOP via actuator_command
[actuator_node-1] [WARN] [1778025314.687208277] [actuator_node]: E-STOP via actuator_command
[actuator_node-1] [WARN] [1778025314.737925656] [actuator_node]: E-STOP via actuator_command
[actuator_node-1] [WARN] [1778025314.791230316] [actuator_node]: E-STOP via actuator_command
[actuator_node-1] [WARN] [1778025314.849586590] [actuator_node]: E-STOP via actuator_command
[actuator_node-1] [WARN] [1778025314.890500124] [actuator_node]: E-STOP via actuator_command
[actuator_node-1] [WARN] [1778025314.939766205] [actuator_node]: E-STOP via actuator_command
[actuator_node-1] [WARN] [1778025314.987268199] [actuator_node]: E-STOP via actuator_command
[actuator_node-1] [WARN] [1778025315.040327857] [actuator_node]: E-STOP via actuator_command
[actuator_node-1] [WARN] [1778025315.091815080] [actuator_node]: E-STOP via actuator_command
[actuator_node-1] [WARN] [1778025315.140767619] [actuator_node]: E-STOP via actuator_command
[actuator_node-1] [WARN] [1778025315.191281189] [actuator_node]: E-STOP via actuator_command
[actuator_node-1] [WARN] [1778025315.244242614] [actuator_node]: E-STOP via actuator_command
[actuator_node-1] [WARN] [1778025315.294043141] [actuator_node]: E-STOP via actuator_command
[actuator_node-1] [WARN] [1778025315.346202488] [actuator_node]: E-STOP via actuator_command
[actuator_node-1] [WARN] [1778025315.394912974] [actuator_node]: E-STOP via actuator_command
[actuator_node-1] [WARN] [1778025315.451083927] [actuator_node]: E-STOP via actuator_command
[actuator_node-1] [WARN] [1778025315.497856258] [actuator_node]: E-STOP via actuator_command
[actuator_node-1] [WARN] [1778025315.548453584] [actuator_node]: E-STOP via actuator_command
[actuator_node-1] [WARN] [1778025315.600964014] [actuator_node]: E-STOP via actuator_command
[actuator_node-1] [WARN] [1778025315.649321882] [actuator_node]: E-STOP via actuator_command
[actuator_node-1] [WARN] [1778025315.698706477] [actuator_node]: E-STOP via actuator_command
[actuator_node-1] [WARN] [1778025315.749261796] [actuator_node]: E-STOP via actuator_command
[actuator_node-1] [WARN] [1778025315.803213830] [actuator_node]: E-STOP via actuator_command
[actuator_node-1] [WARN] [1778025315.851092294] [actuator_node]: E-STOP via actuator_command
[actuator_node-1] [WARN] [1778025315.903438156] [actuator_node]: E-STOP via actuator_command
[actuator_node-1] [WARN] [1778025315.953709416] [actuator_node]: E-STOP via actuator_command
[actuator_node-1] [WARN] [1778025316.004949530] [actuator_node]: E-STOP via actuator_command
[actuator_node-1] [WARN] [1778025316.055453837] [actuator_node]: E-STOP via actuator_command
[actuator_node-1] [WARN] [1778025316.106803986] [actuator_node]: E-STOP via actuator_command
[actuator_node-1] [WARN] [1778025316.159691618] [actuator_node]: E-STOP via actuator_command
[actuator_node-1] [WARN] [1778025316.211649492] [actuator_node]: E-STOP via actuator_command
[actuator_node-1] [WARN] [1778025316.263733064] [actuator_node]: E-STOP via actuator_command
[actuator_node-1] [WARN] [1778025316.310664926] [actuator_node]: E-STOP via actuator_command
[actuator_node-1] [WARN] [1778025316.359257186] [actuator_node]: E-STOP via actuator_command
[actuator_node-1] [WARN] [1778025316.411541157] [actuator_node]: E-STOP via actuator_command
[actuator_node-1] [WARN] [1778025316.470194460] [actuator_node]: E-STOP via actuator_command
[actuator_node-1] [WARN] [1778025316.519578783] [actuator_node]: E-STOP via actuator_command
[actuator_node-1] [WARN] [1778025316.564917977] [actuator_node]: E-STOP via actuator_command
[actuator_node-1] [WARN] [1778025316.616909763] [actuator_node]: E-STOP via actuator_command
[actuator_node-1] [WARN] [1778025316.666352152] [actuator_node]: E-STOP via actuator_command
[actuator_node-1] [WARN] [1778025316.721098724] [actuator_node]: E-STOP via actuator_command
[actuator_node-1] [WARN] [1778025316.776268458] [actuator_node]: E-STOP via actuator_command
[actuator_node-1] [WARN] [1778025316.820432769] [actuator_node]: E-STOP via actuator_command
[actuator_node-1] [WARN] [1778025316.870428688] [actuator_node]: E-STOP via actuator_command
[actuator_node-1] [WARN] [1778025316.927610285] [actuator_node]: E-STOP via actuator_command
[actuator_node-1] [WARN] [1778025316.976560921] [actuator_node]: E-STOP via actuator_command
[actuator_node-1] [WARN] [1778025317.022030914] [actuator_node]: E-STOP via actuator_command
[actuator_node-1] [WARN] [1778025317.074651490] [actuator_node]: E-STOP via actuator_command
[actuator_node-1] [WARN] [1778025317.122546146] [actuator_node]: E-STOP via actuator_command
[actuator_node-1] [WARN] [1778025317.174522846] [actuator_node]: E-STOP via actuator_command
[actuator_node-1] [WARN] [1778025317.224760259] [actuator_node]: E-STOP via actuator_command
[actuator_node-1] [WARN] [1778025317.277184914] [actuator_node]: E-STOP via actuator_command
[actuator_node-1] [WARN] [1778025317.324523802] [actuator_node]: E-STOP via actuator_command
[actuator_node-1] [WARN] [1778025317.376595903] [actuator_node]: E-STOP via actuator_command
[actuator_node-1] [WARN] [1778025317.427119934] [actuator_node]: E-STOP via actuator_command
[actuator_node-1] [WARN] [1778025317.480498852] [actuator_node]: E-STOP via actuator_command
[actuator_node-1] [WARN] [1778025317.534149705] [actuator_node]: E-STOP via actuator_command
[actuator_node-1] [WARN] [1778025317.579656815] [actuator_node]: E-STOP via actuator_command
[actuator_node-1] [WARN] [1778025317.634044735] [actuator_node]: E-STOP via actuator_command
[actuator_node-1] [WARN] [1778025317.686505446] [actuator_node]: E-STOP via actuator_command
[actuator_node-1] [WARN] [1778025317.732917807] [actuator_node]: E-STOP via actuator_command
[actuator_node-1] [WARN] [1778025317.783130010] [actuator_node]: E-STOP via actuator_command
[actuator_node-1] [WARN] [1778025317.835683370] [actuator_node]: E-STOP via actuator_command
[actuator_node-1] [WARN] [1778025317.884829465] [actuator_node]: E-STOP via actuator_command
[actuator_node-1] [WARN] [1778025317.934645317] [actuator_node]: E-STOP via actuator_command
[actuator_node-1] [WARN] [1778025318.000521603] [actuator_node]: E-STOP via actuator_command
[actuator_node-1] [WARN] [1778025318.036076136] [actuator_node]: E-STOP via actuator_command
[actuator_node-1] [WARN] [1778025318.086082359] [actuator_node]: E-STOP via actuator_command
[actuator_node-1] [WARN] [1778025318.139722765] [actuator_node]: E-STOP via actuator_command
[actuator_node-1] [WARN] [1778025318.187477508] [actuator_node]: E-STOP via actuator_command
[actuator_node-1] [WARN] [1778025318.238210369] [actuator_node]: E-STOP via actuator_command
[actuator_node-1] [WARN] [1778025318.294415300] [actuator_node]: E-STOP via actuator_command
[actuator_node-1] [WARN] [1778025318.341643611] [actuator_node]: E-STOP via actuator_command
[actuator_node-1] [WARN] [1778025318.391698111] [actuator_node]: E-STOP via actuator_command
[actuator_node-1] [WARN] [1778025318.440529902] [actuator_node]: E-STOP via actuator_command
[actuator_node-1] [WARN] [1778025318.494938344] [actuator_node]: E-STOP via actuator_command
[actuator_node-1] [WARN] [1778025318.544785343] [actuator_node]: E-STOP via actuator_command
[actuator_node-1] [WARN] [1778025318.593458932] [actuator_node]: E-STOP via actuator_command
[actuator_node-1] [WARN] [1778025318.645377520] [actuator_node]: E-STOP via actuator_command
[actuator_node-1] [WARN] [1778025318.698423959] [actuator_node]: E-STOP via actuator_command
[actuator_node-1] [WARN] [1778025318.757934896] [actuator_node]: E-STOP via actuator_command
[actuator_node-1] [WARN] [1778025318.800499261] [actuator_node]: E-STOP via actuator_command
[actuator_node-1] [WARN] [1778025318.852072045] [actuator_node]: E-STOP via actuator_command
[actuator_node-1] [WARN] [1778025318.901162173] [actuator_node]: E-STOP via actuator_command
[actuator_node-1] [WARN] [1778025318.950860216] [actuator_node]: E-STOP via actuator_command
[actuator_node-1] [WARN] [1778025319.001605587] [actuator_node]: E-STOP via actuator_command
[actuator_node-1] [WARN] [1778025319.051007853] [actuator_node]: E-STOP via actuator_command
[actuator_node-1] [WARN] [1778025319.101193508] [actuator_node]: E-STOP via actuator_command
[actuator_node-1] [WARN] [1778025319.154372220] [actuator_node]: E-STOP via actuator_command
[actuator_node-1] [WARN] [1778025319.211572568] [actuator_node]: E-STOP via actuator_command
[actuator_node-1] [WARN] [1778025319.258873429] [actuator_node]: E-STOP via actuator_command
[actuator_node-1] [WARN] [1778025319.313839926] [actuator_node]: E-STOP via actuator_command
[actuator_node-1] [WARN] [1778025319.364527474] [actuator_node]: E-STOP via actuator_command
[actuator_node-1] [WARN] [1778025319.409790434] [actuator_node]: E-STOP via actuator_command
[actuator_node-1] [WARN] [1778025319.462425856] [actuator_node]: E-STOP via actuator_command
[actuator_node-1] [WARN] [1778025319.509432452] [actuator_node]: E-STOP via actuator_command
[actuator_node-1] [WARN] [1778025319.558023939] [actuator_node]: E-STOP via actuator_command
[actuator_node-1] [WARN] [1778025319.609841642] [actuator_node]: E-STOP via actuator_command
[actuator_node-1] [WARN] [1778025319.657547298] [actuator_node]: E-STOP via actuator_command
[actuator_node-1] [WARN] [1778025319.706684155] [actuator_node]: E-STOP via actuator_command
[actuator_node-1] [WARN] [1778025319.758400891] [actuator_node]: E-STOP via actuator_command
[actuator_node-1] [WARN] [1778025319.813386455] [actuator_node]: E-STOP via actuator_command
[actuator_node-1] [WARN] [1778025319.865326015] [actuator_node]: E-STOP via actuator_command
[actuator_node-1] [WARN] [1778025319.909868769] [actuator_node]: E-STOP via actuator_command
[actuator_node-1] [WARN] [1778025319.960604561] [actuator_node]: E-STOP via actuator_command
[actuator_node-1] [WARN] [1778025320.011719198] [actuator_node]: E-STOP via actuator_command
[actuator_node-1] [WARN] [1778025320.063517693] [actuator_node]: E-STOP via actuator_command
[actuator_node-1] [WARN] [1778025320.113756284] [actuator_node]: E-STOP via actuator_command
[actuator_node-1] [WARN] [1778025320.166089943] [actuator_node]: E-STOP via actuator_command
[actuator_node-1] [WARN] [1778025320.218436879] [actuator_node]: E-STOP via actuator_command
[actuator_node-1] [WARN] [1778025320.266488810] [actuator_node]: E-STOP via actuator_command
[actuator_node-1] [WARN] [1778025320.315490042] [actuator_node]: E-STOP via actuator_command
[actuator_node-1] [WARN] [1778025320.371564763] [actuator_node]: E-STOP via actuator_command
[actuator_node-1] [WARN] [1778025320.419037764] [actuator_node]: E-STOP via actuator_command
[actuator_node-1] [WARN] [1778025320.468724972] [actuator_node]: E-STOP via actuator_command
[actuator_node-1] [WARN] [1778025320.520358803] [actuator_node]: E-STOP via actuator_command
[actuator_node-1] [WARN] [1778025320.580538720] [actuator_node]: E-STOP via actuator_command
[actuator_node-1] [WARN] [1778025320.630118850] [actuator_node]: E-STOP via actuator_command
[actuator_node-1] [WARN] [1778025320.676639318] [actuator_node]: E-STOP via actuator_command
[actuator_node-1] [WARN] [1778025320.722537667] [actuator_node]: E-STOP via actuator_command
[actuator_node-1] [WARN] [1778025320.774322406] [actuator_node]: E-STOP via actuator_command
[actuator_node-1] [WARN] [1778025320.825796660] [actuator_node]: E-STOP via actuator_command
[actuator_node-1] [WARN] [1778025320.880135233] [actuator_node]: E-STOP via actuator_command
[actuator_node-1] [WARN] [1778025320.928092979] [actuator_node]: E-STOP via actuator_command
[actuator_node-1] [WARN] [1778025320.979039364] [actuator_node]: E-STOP via actuator_command
[actuator_node-1] [WARN] [1778025321.033197669] [actuator_node]: E-STOP via actuator_command
[actuator_node-1] [WARN] [1778025321.079242920] [actuator_node]: E-STOP via actuator_command
[actuator_node-1] [WARN] [1778025321.133373947] [actuator_node]: E-STOP via actuator_command
[actuator_node-1] [WARN] [1778025321.190530018] [actuator_node]: E-STOP via actuator_command
[actuator_node-1] [WARN] [1778025321.243614072] [actuator_node]: E-STOP via actuator_command
[actuator_node-1] [WARN] [1778025321.285927798] [actuator_node]: E-STOP via actuator_command
[actuator_node-1] [WARN] [1778025321.335224437] [actuator_node]: E-STOP via actuator_command
[actuator_node-1] [WARN] [1778025321.385902207] [actuator_node]: E-STOP via actuator_command
[actuator_node-1] [WARN] [1778025321.437976622] [actuator_node]: E-STOP via actuator_command
[actuator_node-1] [WARN] [1778025321.491936684] [actuator_node]: E-STOP via actuator_command
[actuator_node-1] [WARN] [1778025321.539461889] [actuator_node]: E-STOP via actuator_command
[actuator_node-1] [WARN] [1778025321.591741470] [actuator_node]: E-STOP via actuator_command
[actuator_node-1] [WARN] [1778025321.642688549] [actuator_node]: E-STOP via actuator_command
[actuator_node-1] [WARN] [1778025321.696376581] [actuator_node]: E-STOP via actuator_command
[actuator_node-1] [WARN] [1778025321.745420291] [actuator_node]: E-STOP via actuator_command
[actuator_node-1] [WARN] [1778025321.795063980] [actuator_node]: E-STOP via actuator_command
[actuator_node-1] [WARN] [1778025321.843967308] [actuator_node]: E-STOP via actuator_command
[actuator_node-1] [WARN] [1778025321.896804127] [actuator_node]: E-STOP via actuator_command
[actuator_node-1] [WARN] [1778025321.946247482] [actuator_node]: E-STOP via actuator_command
[actuator_node-1] [WARN] [1778025321.994729922] [actuator_node]: E-STOP via actuator_command
[actuator_node-1] [WARN] [1778025322.049478680] [actuator_node]: E-STOP via actuator_command
[actuator_node-1] [WARN] [1778025322.097900937] [actuator_node]: E-STOP via actuator_command
[actuator_node-1] [WARN] [1778025322.147876535] [actuator_node]: E-STOP via actuator_command
[actuator_node-1] [WARN] [1778025322.198802938] [actuator_node]: E-STOP via actuator_command
[actuator_node-1] [WARN] [1778025322.256591191] [actuator_node]: E-STOP via actuator_command
[actuator_node-1] [WARN] [1778025322.300203793] [actuator_node]: E-STOP via actuator_command
[actuator_node-1] [WARN] [1778025322.357726479] [actuator_node]: E-STOP via actuator_command
[actuator_node-1] [WARN] [1778025322.407705149] [actuator_node]: E-STOP via actuator_command
[actuator_node-1] [WARN] [1778025322.453317990] [actuator_node]: E-STOP via actuator_command
[actuator_node-1] [WARN] [1778025322.503216104] [actuator_node]: E-STOP via actuator_command
[actuator_node-1] [WARN] [1778025322.557957209] [actuator_node]: E-STOP via actuator_command
[actuator_node-1] [WARN] [1778025322.608310858] [actuator_node]: E-STOP via actuator_command
[actuator_node-1] [WARN] [1778025322.658167158] [actuator_node]: E-STOP via actuator_command
[actuator_node-1] [WARN] [1778025322.706918325] [actuator_node]: E-STOP via actuator_command
[actuator_node-1] [WARN] [1778025322.759093026] [actuator_node]: E-STOP via actuator_command
[actuator_node-1] [WARN] [1778025322.811252659] [actuator_node]: E-STOP via actuator_command
[actuator_node-1] [WARN] [1778025322.860447940] [actuator_node]: E-STOP via actuator_command
[actuator_node-1] [WARN] [1778025322.910704557] [actuator_node]: E-STOP via actuator_command
[actuator_node-1] [WARN] [1778025322.964452180] [actuator_node]: E-STOP via actuator_command
[actuator_node-1] [WARN] [1778025323.013383551] [actuator_node]: E-STOP via actuator_command
[actuator_node-1] [WARN] [1778025323.064522725] [actuator_node]: E-STOP via actuator_command
[actuator_node-1] [WARN] [1778025323.116137461] [actuator_node]: E-STOP via actuator_command
[actuator_node-1] [WARN] [1778025323.168931840] [actuator_node]: E-STOP via actuator_command
[actuator_node-1] [WARN] [1778025323.214769646] [actuator_node]: E-STOP via actuator_command
[actuator_node-1] [WARN] [1778025323.269229018] [actuator_node]: E-STOP via actuator_command
[actuator_node-1] [WARN] [1778025323.314818694] [actuator_node]: E-STOP via actuator_command
[actuator_node-1] [WARN] [1778025323.366100489] [actuator_node]: E-STOP via actuator_command
[actuator_node-1] [WARN] [1778025323.420723212] [actuator_node]: E-STOP via actuator_command
[actuator_node-1] [WARN] [1778025323.468984127] [actuator_node]: E-STOP via actuator_command
[actuator_node-1] [WARN] [1778025323.524432085] [actuator_node]: E-STOP via actuator_command
[actuator_node-1] [WARN] [1778025323.570499722] [actuator_node]: E-STOP via actuator_command
[actuator_node-1] [WARN] [1778025323.620719253] [actuator_node]: E-STOP via actuator_command
[actuator_node-1] [WARN] [1778025323.670703419] [actuator_node]: E-STOP via actuator_command
[actuator_node-1] [WARN] [1778025323.721609148] [actuator_node]: E-STOP via actuator_command
[actuator_node-1] [WARN] [1778025323.775613017] [actuator_node]: E-STOP via actuator_command
[actuator_node-1] [WARN] [1778025323.824406471] [actuator_node]: E-STOP via actuator_command
[actuator_node-1] [WARN] [1778025323.874015467] [actuator_node]: E-STOP via actuator_command
[actuator_node-1] [WARN] [1778025323.928690273] [actuator_node]: E-STOP via actuator_command
[actuator_node-1] [WARN] [1778025323.978157960] [actuator_node]: E-STOP via actuator_command
[actuator_node-1] [WARN] [1778025324.028102885] [actuator_node]: E-STOP via actuator_command
[actuator_node-1] [WARN] [1778025324.078926164] [actuator_node]: E-STOP via actuator_command
[actuator_node-1] [WARN] [1778025324.128132855] [actuator_node]: E-STOP via actuator_command
[actuator_node-1] [WARN] [1778025324.179919573] [actuator_node]: E-STOP via actuator_command
[actuator_node-1] [WARN] [1778025324.230179440] [actuator_node]: E-STOP via actuator_command
[actuator_node-1] [WARN] [1778025324.281516895] [actuator_node]: E-STOP via actuator_command
[actuator_node-1] [WARN] [1778025324.333359439] [actuator_node]: E-STOP via actuator_command
[actuator_node-1] [WARN] [1778025324.385094299] [actuator_node]: E-STOP via actuator_command
[actuator_node-1] [WARN] [1778025324.434721140] [actuator_node]: E-STOP via actuator_command
[actuator_node-1] [WARN] [1778025324.485013544] [actuator_node]: E-STOP via actuator_command
[actuator_node-1] [WARN] [1778025324.534709104] [actuator_node]: E-STOP via actuator_command
[actuator_node-1] [WARN] [1778025324.588298508] [actuator_node]: E-STOP via actuator_command
[actuator_node-1] [WARN] [1778025324.636829240] [actuator_node]: E-STOP via actuator_command
[actuator_node-1] [WARN] [1778025324.698259982] [actuator_node]: E-STOP via actuator_command
[actuator_node-1] [WARN] [1778025324.739943463] [actuator_node]: E-STOP via actuator_command
[actuator_node-1] [WARN] [1778025324.790467168] [actuator_node]: E-STOP via actuator_command
[actuator_node-1] [WARN] [1778025324.841850372] [actuator_node]: E-STOP via actuator_command
[actuator_node-1] [WARN] [1778025324.891933419] [actuator_node]: E-STOP via actuator_command
[actuator_node-1] [WARN] [1778025324.944252549] [actuator_node]: E-STOP via actuator_command
[actuator_node-1] [WARN] [1778025324.994496228] [actuator_node]: E-STOP via actuator_command
[actuator_node-1] [WARN] [1778025325.047765488] [actuator_node]: E-STOP via actuator_command
[actuator_node-1] [WARN] [1778025325.096632164] [actuator_node]: E-STOP via actuator_command
[actuator_node-1] [WARN] [1778025325.147150203] [actuator_node]: E-STOP via actuator_command
[actuator_node-1] [WARN] [1778025325.202320676] [actuator_node]: E-STOP via actuator_command
[actuator_node-1] [WARN] [1778025325.253235863] [actuator_node]: E-STOP via actuator_command
[actuator_node-1] [WARN] [1778025325.300811406] [actuator_node]: E-STOP via actuator_command
[actuator_node-1] [WARN] [1778025325.349070010] [actuator_node]: E-STOP via actuator_command
[actuator_node-1] [WARN] [1778025325.400689788] [actuator_node]: E-STOP via actuator_command
[actuator_node-1] [WARN] [1778025325.456909599] [actuator_node]: E-STOP via actuator_command
[actuator_node-1] [WARN] [1778025325.505305352] [actuator_node]: E-STOP via actuator_command
[actuator_node-1] [WARN] [1778025325.556958082] [actuator_node]: E-STOP via actuator_command
[actuator_node-1] [WARN] [1778025325.604816563] [actuator_node]: E-STOP via actuator_command
[actuator_node-1] [WARN] [1778025325.653877846] [actuator_node]: E-STOP via actuator_command
[actuator_node-1] [WARN] [1778025325.706931249] [actuator_node]: E-STOP via actuator_command
[actuator_node-1] [WARN] [1778025325.758178929] [actuator_node]: E-STOP via actuator_command
[actuator_node-1] [WARN] [1778025325.807667049] [actuator_node]: E-STOP via actuator_command
[actuator_node-1] [WARN] [1778025325.859008145] [actuator_node]: E-STOP via actuator_command
[actuator_node-1] [WARN] [1778025325.910003920] [actuator_node]: E-STOP via actuator_command
[actuator_node-1] [WARN] [1778025325.961824608] [actuator_node]: E-STOP via actuator_command
[actuator_node-1] [WARN] [1778025326.013602036] [actuator_node]: E-STOP via actuator_command
[actuator_node-1] [WARN] [1778025326.062143479] [actuator_node]: E-STOP via actuator_command
[actuator_node-1] [WARN] [1778025326.112774573] [actuator_node]: E-STOP via actuator_command
[actuator_node-1] [WARN] [1778025326.165984508] [actuator_node]: E-STOP via actuator_command
[actuator_node-1] [WARN] [1778025326.215089649] [actuator_node]: E-STOP via actuator_command
[actuator_node-1] [WARN] [1778025326.266104071] [actuator_node]: E-STOP via actuator_command
[actuator_node-1] [WARN] [1778025326.316198084] [actuator_node]: E-STOP via actuator_command
[actuator_node-1] [WARN] [1778025326.369224353] [actuator_node]: E-STOP via actuator_command
[actuator_node-1] [WARN] [1778025326.420933033] [actuator_node]: E-STOP via actuator_command
[actuator_node-1] [WARN] [1778025326.470706326] [actuator_node]: E-STOP via actuator_command
[actuator_node-1] [WARN] [1778025326.523565565] [actuator_node]: E-STOP via actuator_command
[actuator_node-1] [WARN] [1778025326.570990008] [actuator_node]: E-STOP via actuator_command
[actuator_node-1] [WARN] [1778025326.628032676] [actuator_node]: E-STOP via actuator_command
[actuator_node-1] [WARN] [1778025326.670752349] [actuator_node]: E-STOP via actuator_command
[actuator_node-1] [WARN] [1778025326.723832397] [actuator_node]: E-STOP via actuator_command
[actuator_node-1] [WARN] [1778025326.776737416] [actuator_node]: E-STOP via actuator_command
[actuator_node-1] [WARN] [1778025326.825062113] [actuator_node]: E-STOP via actuator_command
[actuator_node-1] [WARN] [1778025326.879935054] [actuator_node]: E-STOP via actuator_command
[actuator_node-1] [WARN] [1778025326.931359133] [actuator_node]: E-STOP via actuator_command
[actuator_node-1] [WARN] [1778025326.976835042] [actuator_node]: E-STOP via actuator_command
[actuator_node-1] [WARN] [1778025327.030932255] [actuator_node]: E-STOP via actuator_command
[actuator_node-1] [WARN] [1778025327.080682513] [actuator_node]: E-STOP via actuator_command
[actuator_node-1] [WARN] [1778025327.135560439] [actuator_node]: E-STOP via actuator_command
[actuator_node-1] [WARN] [1778025327.178915475] [actuator_node]: E-STOP via actuator_command
[actuator_node-1] [WARN] [1778025327.234483947] [actuator_node]: E-STOP via actuator_command
[actuator_node-1] [WARN] [1778025327.280957174] [actuator_node]: E-STOP via actuator_command
[actuator_node-1] [WARN] [1778025327.330480064] [actuator_node]: E-STOP via actuator_command
[actuator_node-1] [WARN] [1778025327.381177603] [actuator_node]: E-STOP via actuator_command
[actuator_node-1] [WARN] [1778025327.431368677] [actuator_node]: E-STOP via actuator_command
[actuator_node-1] [WARN] [1778025327.482259896] [actuator_node]: E-STOP via actuator_command
[actuator_node-1] [WARN] [1778025327.537658459] [actuator_node]: E-STOP via actuator_command
[actuator_node-1] [WARN] [1778025327.588440968] [actuator_node]: E-STOP via actuator_command
[actuator_node-1] [WARN] [1778025327.642519960] [actuator_node]: E-STOP via actuator_command
[actuator_node-1] [WARN] [1778025327.686828675] [actuator_node]: E-STOP via actuator_command
[actuator_node-1] [WARN] [1778025327.744605360] [actuator_node]: E-STOP via actuator_command
[actuator_node-1] [WARN] [1778025327.786578727] [actuator_node]: E-STOP via actuator_command
[actuator_node-1] [WARN] [1778025327.841328558] [actuator_node]: E-STOP via actuator_command
[actuator_node-1] [WARN] [1778025327.889207030] [actuator_node]: E-STOP via actuator_command
[actuator_node-1] [WARN] [1778025327.940697937] [actuator_node]: E-STOP via actuator_command
[actuator_node-1] [WARN] [1778025327.991701191] [actuator_node]: E-STOP via actuator_command
[actuator_node-1] [WARN] [1778025328.042881655] [actuator_node]: E-STOP via actuator_command
[actuator_node-1] [WARN] [1778025328.093286018] [actuator_node]: E-STOP via actuator_command
[actuator_node-1] [WARN] [1778025328.146446901] [actuator_node]: E-STOP via actuator_command
[actuator_node-1] [WARN] [1778025328.196822952] [actuator_node]: E-STOP via actuator_command
[actuator_node-1] [WARN] [1778025328.249472028] [actuator_node]: E-STOP via actuator_command
[actuator_node-1] [WARN] [1778025328.295110715] [actuator_node]: E-STOP via actuator_command
[actuator_node-1] [WARN] [1778025328.345427100] [actuator_node]: E-STOP via actuator_command
[actuator_node-1] [WARN] [1778025328.397130240] [actuator_node]: E-STOP via actuator_command
[actuator_node-1] [WARN] [1778025328.456882099] [actuator_node]: E-STOP via actuator_command
[actuator_node-1] [WARN] [1778025328.498976720] [actuator_node]: E-STOP via actuator_command
[actuator_node-1] [WARN] [1778025328.550772476] [actuator_node]: E-STOP via actuator_command
[actuator_node-1] [WARN] [1778025328.608015753] [actuator_node]: E-STOP via actuator_command
[actuator_node-1] [WARN] [1778025328.651594799] [actuator_node]: E-STOP via actuator_command
[actuator_node-1] [WARN] [1778025328.705369064] [actuator_node]: E-STOP via actuator_command
[actuator_node-1] [WARN] [1778025328.753719994] [actuator_node]: E-STOP via actuator_command
[actuator_node-1] [WARN] [1778025328.805063160] [actuator_node]: E-STOP via actuator_command
[actuator_node-1] [WARN] [1778025328.855127065] [actuator_node]: E-STOP via actuator_command
[actuator_node-1] [WARN] [1778025328.907597595] [actuator_node]: E-STOP via actuator_command
[actuator_node-1] [WARN] [1778025328.957652862] [actuator_node]: E-STOP via actuator_command
[actuator_node-1] [WARN] [1778025329.008929930] [actuator_node]: E-STOP via actuator_command
[actuator_node-1] [WARN] [1778025329.060074874] [actuator_node]: E-STOP via actuator_command
[actuator_node-1] [WARN] [1778025329.109556910] [actuator_node]: E-STOP via actuator_command
[actuator_node-1] [WARN] [1778025329.162555176] [actuator_node]: E-STOP via actuator_command
[actuator_node-1] [WARN] [1778025329.214005547] [actuator_node]: E-STOP via actuator_command
[actuator_node-1] [WARN] [1778025329.263655380] [actuator_node]: E-STOP via actuator_command
[actuator_node-1] [WARN] [1778025329.313740624] [actuator_node]: E-STOP via actuator_command
[actuator_node-1] [WARN] [1778025329.379143591] [actuator_node]: E-STOP via actuator_command
[actuator_node-1] [WARN] [1778025329.420104200] [actuator_node]: E-STOP via actuator_command
[actuator_node-1] [WARN] [1778025329.466577654] [actuator_node]: E-STOP via actuator_command
[actuator_node-1] [WARN] [1778025329.523381869] [actuator_node]: E-STOP via actuator_command
[actuator_node-1] [WARN] [1778025329.572353891] [actuator_node]: E-STOP via actuator_command
[actuator_node-1] [WARN] [1778025329.620348815] [actuator_node]: E-STOP via actuator_command
[actuator_node-1] [WARN] [1778025329.670427405] [actuator_node]: E-STOP via actuator_command
[actuator_node-1] [WARN] [1778025329.720116013] [actuator_node]: E-STOP via actuator_command
[actuator_node-1] [WARN] [1778025329.777935427] [actuator_node]: E-STOP via actuator_command
[actuator_node-1] [WARN] [1778025329.821477783] [actuator_node]: E-STOP via actuator_command
[actuator_node-1] [WARN] [1778025329.871551573] [actuator_node]: E-STOP via actuator_command
[actuator_node-1] [WARN] [1778025329.921478713] [actuator_node]: E-STOP via actuator_command
[actuator_node-1] [WARN] [1778025329.973355823] [actuator_node]: E-STOP via actuator_command
[actuator_node-1] [WARN] [1778025330.036570044] [actuator_node]: E-STOP via actuator_command
[actuator_node-1] [WARN] [1778025330.073870948] [actuator_node]: E-STOP via actuator_command
[actuator_node-1] [WARN] [1778025330.129602024] [actuator_node]: E-STOP via actuator_command
[actuator_node-1] [WARN] [1778025330.175432796] [actuator_node]: E-STOP via actuator_command
[actuator_node-1] [WARN] [1778025330.227693009] [actuator_node]: E-STOP via actuator_command
[actuator_node-1] [WARN] [1778025330.280880986] [actuator_node]: E-STOP via actuator_command
[actuator_node-1] [WARN] [1778025330.332626833] [actuator_node]: E-STOP via actuator_command
[actuator_node-1] [WARN] [1778025330.380255293] [actuator_node]: E-STOP via actuator_command
[actuator_node-1] [WARN] [1778025330.430260558] [actuator_node]: E-STOP via actuator_command
[actuator_node-1] [WARN] [1778025330.480474794] [actuator_node]: E-STOP via actuator_command
[actuator_node-1] [WARN] [1778025330.532025075] [actuator_node]: E-STOP via actuator_command
[actuator_node-1] [WARN] [1778025330.581065336] [actuator_node]: E-STOP via actuator_command
[actuator_node-1] [WARN] [1778025330.633716874] [actuator_node]: E-STOP via actuator_command
[actuator_node-1] [WARN] [1778025330.685000662] [actuator_node]: E-STOP via actuator_command
[actuator_node-1] [WARN] [1778025330.738451981] [actuator_node]: E-STOP via actuator_command
[actuator_node-1] [WARN] [1778025330.791529327] [actuator_node]: E-STOP via actuator_command
[actuator_node-1] [WARN] [1778025330.835619605] [actuator_node]: E-STOP via actuator_command
[actuator_node-1] [WARN] [1778025330.888662941] [actuator_node]: E-STOP via actuator_command
[actuator_node-1] [WARN] [1778025330.937925800] [actuator_node]: E-STOP via actuator_command
[actuator_node-1] [WARN] [1778025330.990130854] [actuator_node]: E-STOP via actuator_command
[actuator_node-1] [WARN] [1778025331.046834951] [actuator_node]: E-STOP via actuator_command
[actuator_node-1] [WARN] [1778025331.089099144] [actuator_node]: E-STOP via actuator_command
[actuator_node-1] [WARN] [1778025331.140239662] [actuator_node]: E-STOP via actuator_command
[actuator_node-1] [WARN] [1778025331.203575383] [actuator_node]: E-STOP via actuator_command
[actuator_node-1] [WARN] [1778025332.206163634] [actuator_node]: E-STOP via actuator_command
[actuator_node-1] [WARN] [1778025333.309626459] [actuator_node]: E-STOP via actuator_command
[actuator_node-1] [WARN] [1778025334.333861714] [actuator_node]: E-STOP via actuator_command
[actuator_node-1] [WARN] [1778025335.316258329] [actuator_node]: E-STOP via actuator_command
[actuator_node-1] [WARN] [1778025336.231083881] [actuator_node]: E-STOP via actuator_command
[actuator_node-1] [WARN] [1778025337.251865463] [actuator_node]: E-STOP via actuator_command
[actuator_node-1] [WARN] [1778025338.226887458] [actuator_node]: E-STOP via actuator_command
[actuator_node-1] [WARN] [1778025339.301701795] [actuator_node]: E-STOP via actuator_command
[actuator_node-1] [WARN] [1778025340.275248453] [actuator_node]: E-STOP via actuator_command
[actuator_node-1] [WARN] [1778025341.299694771] [actuator_node]: E-STOP via actuator_command
[actuator_node-1] [WARN] [1778025342.227767274] [actuator_node]: E-STOP via actuator_command
[actuator_node-1] [WARN] [1778025343.246009412] [actuator_node]: E-STOP via actuator_command
[actuator_node-1] [WARN] [1778025344.228761661] [actuator_node]: E-STOP via actuator_command
[actuator_node-1] [WARN] [1778025345.292814253] [actuator_node]: E-STOP via actuator_command
[actuator_node-1] [WARN] [1778025346.319093353] [actuator_node]: E-STOP via actuator_command
[webui_node-2] [WARN] [1778025347.507546727] [webui_node]: WebSocket disconnected — e-stop sent
[actuator_node-1] [WARN] [1778025347.508161677] [actuator_node]: E-STOP via actuator_command
[webui_node-2] INFO:     connection closed
[webui_node-2] INFO:     192.168.13.104:54739 - "WebSocket /ws" [accepted]
[webui_node-2] INFO:     connection open
[webui_node-2] [WARN] [1778025354.163695492] [webui_node]: WebSocket disconnected — e-stop sent
[actuator_node-1] [WARN] [1778025354.164195475] [actuator_node]: E-STOP via actuator_command
[webui_node-2] INFO:     connection closed
[webui_node-2] INFO:     192.168.13.104:54751 - "WebSocket /ws" [accepted]
[webui_node-2] INFO:     connection open
